// Jest Snapshot v1, https://goo.gl/fbAQLP

exports[`<MonthlyRate /> matches previous snapshot 1`] = `
<div>
  <Link
    className="workDays"
    replace={false}
    to="/project/undefined/Monthly/1/workedDay"
  >
    <span
      className="rate"
    >
      150
      /per day
    </span>
  </Link>
  <button
    className="removeRate"
    onClick={[Function]}
  >
    X
  </button>
</div>
`;
