// Jest Snapshot v1, https://goo.gl/fbAQLP

exports[`<Project /> matches previous snap 1`] = `
<div
  className="container"
>
  <h1
    className="projectTitle"
  >
    PayDevs
  </h1>
  <div
    className="properties"
  >
    <p
      className="projectDescription"
    >
      <span
        className="property"
      >
        Description: 
      </span>
      blablabla
    </p>
    <p
      className="projectStartDate"
    >
      <span
        className="property"
      >
        Start date: 
      </span>
      Fri Aug 24 2018
    </p>
    <p
      className="projectEndDate"
    >
      <span
        className="property"
      >
        End date: 
      </span>
      Sun Sep 30 2018
    </p>
    <p
      className="projectTypeOfPayment"
    >
      <span
        className="property"
      >
        Type of payment: 
      </span>
      Monthly
    </p>
    <p
      className="projectStatus"
    >
      <span
        className="property"
      >
        Status:
      </span>
       active
    </p>
  </div>
  <div
    className="btn-group-horizontal"
  >
    <button
      className="btn btn-success btn-lg"
      onClick={[Function]}
      type="button"
    >
      Total
    </button>
    <Link
      replace={false}
      to="1/update"
    >
      <button
        className="updateProject btn btn-warning btn-lg"
        type="button"
      >
        Update project
      </button>
    </Link>
    <button
      className="removeProject btn btn-danger btn-lg"
      onClick={[Function]}
      type="button"
    >
      Delete project
    </button>
  </div>
  <div
    className="session"
  >
    <Connect(MonthlyRates)
      projectId={1}
    />
  </div>
</div>
`;
